
> frontend@0.1.0 build
> next build

node.exe : ΓÜá 
Warning: Next.js 
inferred your 
workspace root, but 
it may not be correct.
At line:1 char:1
+ & "C:\Program Files\
nodejs/node.exe" 
"C:\Program 
Files\nodejs/node_mo 
...
+ ~~~~~~~~~~~~~~~~~~~~
~~~~~~~~~~~~~~~~~~~~~~
~~~~~~~~~~~~~~~~~~~~~~
~~~~~
    + CategoryInfo    
          : NotSpeci  
  fied: (ΓÜá Warnin   
 g: Ne...not be co    
rrect.:String) []    
, RemoteException
    + FullyQualifiedE 
   rrorId : NativeCo  
  mmandError
 
 We detected multiple 
lockfiles and 
selected the 
directory of D:\study\
projects01\Real estate
-Agency-CRM\package-lo
ck.json as the root 
directory.
 To silence this 
warning, set 
`turbopack.root` in 
your Next.js config, 
or consider removing 
one of the lockfiles 
if it's not needed.
   See https://nextjs.
org/docs/app/api-refer
ence/config/next-confi
g-js/turbopack#root-di
rectory for more 
information.
 Detected additional 
lockfiles: 
   * D:\study\projects
01\Real estate-Agency-
CRM\frontend\package-l
ock.json

Γû▓ Next.js 16.1.6 (Turbopack)

  Creating an optimized production build ...

> Build error occurred
Error: Turbopack 
build failed with 1 
errors:
./frontend/src/app/crm
/[id]/page.tsx:441:1
Parsing ecmascript 
source code failed
[0m [90m 439 |[39m 
        [33m<[39m[3
3m/[39m[33mdiv[39m
[33m>[39m
 [90m 440 |[39m     
  )}
[31m[1m>[22m[39m[
90m 441 |[39m
 [90m     |[39m [31
m[1m^[22m[39m[0m

Expected '</', got 
'<eof>'


    at <unknown> (./fr
ontend/src/app/crm/[id
]/page.tsx:441:1)
