src/app/crm/[id]/page.tsx(276,75): error TS2339: Property 'modals' does not exist on type '{ readonly title: "Activity History"; readonly live: "Live"; readonly noHistory: "No activity history found for this client."; readonly contactDetails: "Contact Details"; readonly email: "Email"; readonly phone: "Phone"; readonly budget: "Budget"; readonly editProfile: "Edit Profile"; readonly logActivity: "Log Acti...'.
src/app/crm/[id]/page.tsx(377,75): error TS2339: Property 'modals' does not exist on type '{ readonly title: "Activity History"; readonly live: "Live"; readonly noHistory: "No activity history found for this client."; readonly contactDetails: "Contact Details"; readonly email: "Email"; readonly phone: "Phone"; readonly budget: "Budget"; readonly editProfile: "Edit Profile"; readonly logActivity: "Log Acti...'.
